[35m[1mScanning dependencies of target ov_msckf_lib[0m
[  4%] [32mBuilding CXX object CMakeFiles/ov_msckf_lib.dir/src/ros/ROS1Visualizer.cpp.o[0m
[01m[K/root/workspace/src/open_vins/ov_msckf/src/ros/ROS1Visualizer.cpp:[m[K In lambda function:
[01m[K/root/workspace/src/open_vins/ov_msckf/src/ros/ROS1Visualizer.cpp:484:27:[m[K [01;35m[Kwarning: [m[Ksuggest parentheses around comparison in operand of ‘[01m[K&[m[K’ [[01;35m[K-Wparentheses[m[K]
         if ([01;35m[Kcurrent_state != nullptr[m[K & _app-> initialized()){
             [01;35m[K~~~~~~~~~~~~~~^~~~~~~~~~[m[K
[  8%] [32m[1mLinking CXX shared library /root/workspace/devel/.private/ov_msckf/lib/libov_msckf_lib.so[0m
[ 58%] Built target ov_msckf_lib
[35m[1mScanning dependencies of target ros1_serial_msckf[0m
[35m[1mScanning dependencies of target run_subscribe_msckf[0m
[35m[1mScanning dependencies of target run_simulation[0m
[ 62%] [32m[1mLinking CXX executable /root/workspace/devel/.private/ov_msckf/lib/ov_msckf/test_sim_meas[0m
[ 66%] [32m[1mLinking CXX executable /root/workspace/devel/.private/ov_msckf/lib/ov_msckf/test_sim_repeat[0m
[ 70%] [32mBuilding CXX object CMakeFiles/ros1_serial_msckf.dir/src/ros1_serial_msckf.cpp.o[0m
[ 75%] [32mBuilding CXX object CMakeFiles/run_subscribe_msckf.dir/src/run_subscribe_msckf.cpp.o[0m
[ 79%] [32mBuilding CXX object CMakeFiles/run_simulation.dir/src/run_simulation.cpp.o[0m
[ 83%] Built target test_sim_repeat
[ 87%] Built target test_sim_meas
[ 91%] [32m[1mLinking CXX executable /root/workspace/devel/.private/ov_msckf/lib/ov_msckf/run_subscribe_msckf[0m
[ 95%] [32m[1mLinking CXX executable /root/workspace/devel/.private/ov_msckf/lib/ov_msckf/run_simulation[0m
[ 95%] Built target run_subscribe_msckf
[ 95%] Built target run_simulation
[100%] [32m[1mLinking CXX executable /root/workspace/devel/.private/ov_msckf/lib/ov_msckf/ros1_serial_msckf[0m
[100%] Built target ros1_serial_msckf
