[35m[1mScanning dependencies of target ov_msckf_lib[0m
[  4%] [32mBuilding CXX object CMakeFiles/ov_msckf_lib.dir/src/core/VioManager.cpp.o[0m
[  8%] [32mBuilding CXX object CMakeFiles/ov_msckf_lib.dir/src/update/UpdaterMSCKF.cpp.o[0m
[01m[K/root/workspace/src/open_vins/ov_msckf/src/update/UpdaterMSCKF.cpp:[m[K In member function ‘[01m[Kvoid ov_msckf::UpdaterMSCKF::apply_outlier_rejection_idea2(std::shared_ptr<ov_msckf::State>, std::vector<std::shared_ptr<ov_core::Feature> >&)[m[K’:
[01m[K/root/workspace/src/open_vins/ov_msckf/src/update/UpdaterMSCKF.cpp:318:19:[m[K [01;35m[Kwarning: [m[Kvariable ‘[01m[Kp_IinG[m[K’ set but not used [[01;35m[K-Wunused-but-set-variable[m[K]
   Eigen::Vector3d [01;35m[Kp_IinG[m[K = state->_imu->pos();
                   [01;35m[K^~~~~~[m[K
[01m[K/root/workspace/src/open_vins/ov_msckf/src/update/UpdaterMSCKF.cpp:319:31:[m[K [01;35m[Kwarning: [m[Kvariable ‘[01m[KR_GtoI[m[K’ set but not used [[01;35m[K-Wunused-but-set-variable[m[K]
   Eigen::Matrix<double, 3, 3> [01;35m[KR_GtoI[m[K = quat_2_Rot(state->_imu->quat());
                               [01;35m[K^~~~~~[m[K
[ 12%] [32m[1mLinking CXX shared library /root/workspace/devel/.private/ov_msckf/lib/libov_msckf_lib.so[0m
[ 58%] Built target ov_msckf_lib
[ 62%] [32m[1mLinking CXX executable /root/workspace/devel/.private/ov_msckf/lib/ov_msckf/run_subscribe_msckf[0m
[ 66%] [32m[1mLinking CXX executable /root/workspace/devel/.private/ov_msckf/lib/ov_msckf/test_sim_repeat[0m
[ 70%] [32m[1mLinking CXX executable /root/workspace/devel/.private/ov_msckf/lib/ov_msckf/test_sim_meas[0m
[ 75%] [32m[1mLinking CXX executable /root/workspace/devel/.private/ov_msckf/lib/ov_msckf/run_simulation[0m
[ 79%] [32m[1mLinking CXX executable /root/workspace/devel/.private/ov_msckf/lib/ov_msckf/ros1_serial_msckf[0m
[ 83%] Built target test_sim_repeat
[ 87%] Built target test_sim_meas
[ 91%] Built target run_simulation
[ 95%] Built target run_subscribe_msckf
[100%] Built target ros1_serial_msckf
