[35m[1mScanning dependencies of target ov_msckf_lib[0m
[  4%] [32mBuilding CXX object CMakeFiles/ov_msckf_lib.dir/src/core/VioManager.cpp.o[0m
[  8%] [32mBuilding CXX object CMakeFiles/ov_msckf_lib.dir/src/core/VioManagerHelper.cpp.o[0m
[ 12%] [32mBuilding CXX object CMakeFiles/ov_msckf_lib.dir/src/ros/ROS1Visualizer.cpp.o[0m
[ 16%] [32mBuilding CXX object CMakeFiles/ov_msckf_lib.dir/src/ros/ROSVisualizerHelper.cpp.o[0m
[01m[K/root/workspace/src/open_vins/ov_msckf/src/ros/ROS1Visualizer.cpp:493:70:[m[K [01;35m[Kwarning: [m[Kcharacter constant too long for its type
             sensor_msgs::ImagePtr img_msg=cv_bridge::CvImage(header, [01;35m[K'mono8'[m[K, camera_queue.at(0).images.at(0)).toImageMsg();
                                                                      [01;35m[K^~~~~~~[m[K
[01m[K/root/workspace/src/open_vins/ov_msckf/src/ros/ROS1Visualizer.cpp:[m[K In lambda function:
[01m[K/root/workspace/src/open_vins/ov_msckf/src/ros/ROS1Visualizer.cpp:484:47:[m[K [01;31m[Kerror: [m[K‘[01m[Kusing element_type = class ov_msckf::VioManager {aka class ov_msckf::VioManager}[m[K’ has no member named ‘[01m[Kinitilaized[m[K’; did you mean ‘[01m[Kinitialized[m[K’?
         if (current_state != nullptr & _app-> [01;31m[Kinitilaized[m[K()){
                                               [01;31m[K^~~~~~~~~~~[m[K
                                               [32m[Kinitialized[m[K
[01m[K/root/workspace/src/open_vins/ov_msckf/src/ros/ROS1Visualizer.cpp:493:110:[m[K [01;31m[Kerror: [m[Kno matching function for call to ‘[01m[Kcv_bridge::CvImage::CvImage(std_msgs::Header&, int, __gnu_cxx::__alloc_traits<std::allocator<cv::Mat> >::value_type&)[m[K’
             sensor_msgs::ImagePtr img_msg=cv_bridge::CvImage(header, 'mono8', camera_queue.at(0).images.at(0)[01;31m[K)[m[K.toImageMsg();
                                                                                                              [01;31m[K^[m[K
In file included from [01m[K/root/workspace/src/open_vins/ov_msckf/src/ros/ROS1Visualizer.h:52:0[m[K,
                 from [01m[K/root/workspace/src/open_vins/ov_msckf/src/ros/ROS1Visualizer.cpp:22[m[K:
[01m[K/opt/ros/melodic/include/cv_bridge/cv_bridge.h:91:3:[m[K [01;36m[Knote: [m[Kcandidate: cv_bridge::CvImage::CvImage(const Header&, const string&, const cv::Mat&)
   [01;36m[KCvImage[m[K(const std_msgs::Header& header, const std::string& encoding,
   [01;36m[K^~~~~~~[m[K
[01m[K/opt/ros/melodic/include/cv_bridge/cv_bridge.h:91:3:[m[K [01;36m[Knote: [m[K  no known conversion for argument 2 from ‘[01m[Kint[m[K’ to ‘[01m[Kconst string& {aka const std::__cxx11::basic_string<char>&}[m[K’
[01m[K/opt/ros/melodic/include/cv_bridge/cv_bridge.h:86:3:[m[K [01;36m[Knote: [m[Kcandidate: cv_bridge::CvImage::CvImage()
   [01;36m[KCvImage[m[K() {}
   [01;36m[K^~~~~~~[m[K
[01m[K/opt/ros/melodic/include/cv_bridge/cv_bridge.h:86:3:[m[K [01;36m[Knote: [m[K  candidate expects 0 arguments, 3 provided
[01m[K/opt/ros/melodic/include/cv_bridge/cv_bridge.h:76:7:[m[K [01;36m[Knote: [m[Kcandidate: cv_bridge::CvImage::CvImage(const cv_bridge::CvImage&)
 class [01;36m[KCvImage[m[K
       [01;36m[K^~~~~~~[m[K
[01m[K/opt/ros/melodic/include/cv_bridge/cv_bridge.h:76:7:[m[K [01;36m[Knote: [m[K  candidate expects 1 argument, 3 provided
[01m[K/opt/ros/melodic/include/cv_bridge/cv_bridge.h:76:7:[m[K [01;36m[Knote: [m[Kcandidate: cv_bridge::CvImage::CvImage(cv_bridge::CvImage&&)
[01m[K/opt/ros/melodic/include/cv_bridge/cv_bridge.h:76:7:[m[K [01;36m[Knote: [m[K  candidate expects 1 argument, 3 provided
[01m[K/root/workspace/src/open_vins/ov_msckf/src/ros/ROS1Visualizer.cpp:494:13:[m[K [01;31m[Kerror: [m[K‘[01m[Kpub_keyframes[m[K’ was not declared in this scope
             [01;31m[Kpub_keyframes[m[K.publish(img_msg);
             [01;31m[K^~~~~~~~~~~~~[m[K
[01m[K/root/workspace/src/open_vins/ov_msckf/src/ros/ROS1Visualizer.cpp:506:13:[m[K [01;31m[Kerror: [m[K‘[01m[Kpub_keyframe_odom[m[K’ was not declared in this scope
             [01;31m[Kpub_keyframe_odom[m[K.publish(kf_odom);
             [01;31m[K^~~~~~~~~~~~~~~~~[m[K
CMakeFiles/ov_msckf_lib.dir/build.make:326: recipe for target 'CMakeFiles/ov_msckf_lib.dir/src/ros/ROS1Visualizer.cpp.o' failed
make[2]: *** [CMakeFiles/ov_msckf_lib.dir/src/ros/ROS1Visualizer.cpp.o] Error 1
make[2]: *** Waiting for unfinished jobs....
make[1]: *** [CMakeFiles/ov_msckf_lib.dir/all] Error 2
CMakeFiles/Makefile2:1549: recipe for target 'CMakeFiles/ov_msckf_lib.dir/all' failed
Makefile:140: recipe for target 'all' failed
make: *** [all] Error 2
