[35m[1mScanning dependencies of target ov_msckf_lib[0m
[ 12%] [32mBuilding CXX object CMakeFiles/ov_msckf_lib.dir/src/core/VioManager.cpp.o[0m
[ 12%] [32mBuilding CXX object CMakeFiles/ov_msckf_lib.dir/src/state/StateHelper.cpp.o[0m
[ 12%] [32mBuilding CXX object CMakeFiles/ov_msckf_lib.dir/src/dummy.cpp.o[0m
[ 16%] [32mBuilding CXX object CMakeFiles/ov_msckf_lib.dir/src/core/VioManagerHelper.cpp.o[0m
[ 20%] [32mBuilding CXX object CMakeFiles/ov_msckf_lib.dir/src/state/State.cpp.o[0m
[ 25%] [32mBuilding CXX object CMakeFiles/ov_msckf_lib.dir/src/update/UpdaterHelper.cpp.o[0m
[ 29%] [32mBuilding CXX object CMakeFiles/ov_msckf_lib.dir/src/state/Propagator.cpp.o[0m
[ 33%] [32mBuilding CXX object CMakeFiles/ov_msckf_lib.dir/src/sim/Simulator.cpp.o[0m
[ 37%] [32mBuilding CXX object CMakeFiles/ov_msckf_lib.dir/src/update/UpdaterMSCKF.cpp.o[0m
[ 41%] [32mBuilding CXX object CMakeFiles/ov_msckf_lib.dir/src/update/UpdaterZeroVelocity.cpp.o[0m
[ 45%] [32mBuilding CXX object CMakeFiles/ov_msckf_lib.dir/src/ros/ROS1Visualizer.cpp.o[0m
[ 50%] [32mBuilding CXX object CMakeFiles/ov_msckf_lib.dir/src/ros/ROSVisualizerHelper.cpp.o[0m
[ 54%] [32mBuilding CXX object CMakeFiles/ov_msckf_lib.dir/src/update/UpdaterSLAM.cpp.o[0m
[ 58%] [32m[1mLinking CXX shared library /root/workspace/devel/.private/ov_msckf/lib/libov_msckf_lib.so[0m
[ 58%] Built target ov_msckf_lib
[35m[1mScanning dependencies of target test_sim_meas[0m
[35m[1mScanning dependencies of target test_sim_repeat[0m
[35m[1mScanning dependencies of target run_simulation[0m
[35m[1mScanning dependencies of target ros1_serial_msckf[0m
[35m[1mScanning dependencies of target run_subscribe_msckf[0m
[ 62%] [32mBuilding CXX object CMakeFiles/test_sim_meas.dir/src/test_sim_meas.cpp.o[0m
[ 66%] [32mBuilding CXX object CMakeFiles/test_sim_repeat.dir/src/test_sim_repeat.cpp.o[0m
[ 70%] [32mBuilding CXX object CMakeFiles/run_subscribe_msckf.dir/src/run_subscribe_msckf.cpp.o[0m
[ 75%] [32mBuilding CXX object CMakeFiles/run_simulation.dir/src/run_simulation.cpp.o[0m
[ 79%] [32mBuilding CXX object CMakeFiles/ros1_serial_msckf.dir/src/ros1_serial_msckf.cpp.o[0m
[ 83%] [32m[1mLinking CXX executable /root/workspace/devel/.private/ov_msckf/lib/ov_msckf/test_sim_meas[0m
[ 87%] [32m[1mLinking CXX executable /root/workspace/devel/.private/ov_msckf/lib/ov_msckf/test_sim_repeat[0m
[ 87%] Built target test_sim_meas
[ 87%] Built target test_sim_repeat
[ 91%] [32m[1mLinking CXX executable /root/workspace/devel/.private/ov_msckf/lib/ov_msckf/run_subscribe_msckf[0m
[ 91%] Built target run_subscribe_msckf
[ 95%] [32m[1mLinking CXX executable /root/workspace/devel/.private/ov_msckf/lib/ov_msckf/run_simulation[0m
[ 95%] Built target run_simulation
[100%] [32m[1mLinking CXX executable /root/workspace/devel/.private/ov_msckf/lib/ov_msckf/ros1_serial_msckf[0m
[100%] Built target ros1_serial_msckf
