[35m[1mScanning dependencies of target ov_core_lib[0m
[  4%] [32mBuilding CXX object CMakeFiles/ov_core_lib.dir/src/track/TrackAruco.cpp.o[0m
[  9%] [32mBuilding CXX object CMakeFiles/ov_core_lib.dir/src/dummy.cpp.o[0m
[ 14%] [32mBuilding CXX object CMakeFiles/ov_core_lib.dir/src/cpi/CpiV2.cpp.o[0m
[ 19%] [32mBuilding CXX object CMakeFiles/ov_core_lib.dir/src/track/TrackSIM.cpp.o[0m
[ 23%] [32mBuilding CXX object CMakeFiles/ov_core_lib.dir/src/sim/BsplineSE3.cpp.o[0m
[ 28%] [32mBuilding CXX object CMakeFiles/ov_core_lib.dir/src/track/TrackBase.cpp.o[0m
[ 33%] [32mBuilding CXX object CMakeFiles/ov_core_lib.dir/src/track/TrackKLT.cpp.o[0m
[ 42%] [32mBuilding CXX object CMakeFiles/ov_core_lib.dir/src/feat/Feature.cpp.o[0m
[ 42%] [32mBuilding CXX object CMakeFiles/ov_core_lib.dir/src/feat/FeatureDatabase.cpp.o[0m
[ 47%] [32mBuilding CXX object CMakeFiles/ov_core_lib.dir/src/cpi/CpiV1.cpp.o[0m
[ 52%] [32mBuilding CXX object CMakeFiles/ov_core_lib.dir/src/track/TrackDescriptor.cpp.o[0m
[ 57%] [32mBuilding CXX object CMakeFiles/ov_core_lib.dir/src/types/Landmark.cpp.o[0m
[ 61%] [32mBuilding CXX object CMakeFiles/ov_core_lib.dir/src/utils/print.cpp.o[0m
[ 66%] [32mBuilding CXX object CMakeFiles/ov_core_lib.dir/src/feat/FeatureInitializer.cpp.o[0m
[ 71%] [32m[1mLinking CXX shared library /root/workspace/devel/.private/ov_core/lib/libov_core_lib.so[0m
[ 71%] Built target ov_core_lib
[35m[1mScanning dependencies of target test_profile[0m
[35m[1mScanning dependencies of target test_tracking[0m
[35m[1mScanning dependencies of target test_webcam[0m
[ 76%] [32mBuilding CXX object CMakeFiles/test_profile.dir/src/test_profile.cpp.o[0m
[ 80%] [32mBuilding CXX object CMakeFiles/test_webcam.dir/src/test_webcam.cpp.o[0m
[ 85%] [32mBuilding CXX object CMakeFiles/test_tracking.dir/src/test_tracking.cpp.o[0m
[ 90%] [32m[1mLinking CXX executable /root/workspace/devel/.private/ov_core/lib/ov_core/test_webcam[0m
[ 90%] Built target test_webcam
[ 95%] [32m[1mLinking CXX executable /root/workspace/devel/.private/ov_core/lib/ov_core/test_tracking[0m
[ 95%] Built target test_tracking
[100%] [32m[1mLinking CXX executable /root/workspace/devel/.private/ov_core/lib/ov_core/test_profile[0m
[100%] Built target test_profile
