[36m--[0m Boost version: 1.65.1
[36m--[0m Found the following Boost libraries:
[36m--[0m   system
[36m--[0m   filesystem
[36m--[0m   thread
[36m--[0m   date_time
[36m--[0m   chrono
[36m--[0m   atomic
[36m--[0m Found installed version of Eigen: /usr/lib/cmake/eigen3
[36m--[0m Found required Ceres dependency: Eigen version 3.3.4 in /usr/include/eigen3
[36m--[0m Found required Ceres dependency: glog
[36m--[0m Found installed version of gflags: /usr/lib/x86_64-linux-gnu/cmake/gflags
[36m--[0m Detected gflags version: 2.2.1
[36m--[0m Found required Ceres dependency: gflags
[36m--[0m Found Ceres version: 1.13.0 installed in: /usr with components: [LAPACK, SuiteSparse, SparseLinearAlgebraLibrary, CXSparse, SchurSpecializations, OpenMP]
[36m--[0m OPENCV: 3.2.0 | BOOST: 106501 | CERES: 1.13.0
[36m--[0m PYTHON VERSION: 3.6.9
[36m--[0m PYTHON INCLUDE: /usr/include/python3.6m
[36m--[0m PYTHON LIBRARIES: /usr/lib/x86_64-linux-gnu/libpython3.6m.so
[36m--[0m Using CATKIN_DEVEL_PREFIX: /root/workspace/devel/.private/ov_init
[36m--[0m Using CMAKE_PREFIX_PATH: /root/workspace/devel;/opt/ros/melodic
[36m--[0m This workspace overlays: /root/workspace/devel;/opt/ros/melodic
[36m--[0m Found PythonInterp: /usr/bin/python2 (found suitable version "2.7.17", minimum required is "2")
[36m--[0m Using PYTHON_EXECUTABLE: /usr/bin/python2
[36m--[0m Using Debian Python package layout
[36m--[0m Using empy: /usr/bin/empy
[36m--[0m Using CATKIN_ENABLE_TESTING: ON
[36m--[0m Call enable_testing()
[36m--[0m Using CATKIN_TEST_RESULTS_DIR: /root/workspace/build/ov_init/test_results
[36m--[0m Found gtest sources under '/usr/src/googletest': gtests will be built
[36m--[0m Found gmock sources under '/usr/src/googletest': gmock will be built
[36m--[0m Found PythonInterp: /usr/bin/python2 (found version "2.7.17")
[36m--[0m Using Python nosetests: /usr/bin/nosetests-2.7
[36m--[0m catkin 0.7.29
[36m--[0m BUILD_SHARED_LIBS is on
[36m--[0m ROS *1* version found, building ROS1.cmake
[36m--[0m Configuring done
[36m--[0m Generating done
[36m--[0m Build files have been written to: /root/workspace/build/ov_init
